
  .   ____          _            __ _ _
 /\\ / ___'_ __ _ _(_)_ __  __ _ \ \ \ \
( ( )\___ | '_ | '_| | '_ \/ _` | \ \ \ \
 \\/  ___)| |_)| | | | | || (_| |  ) ) ) )
  '  |____| .__|_| |_|_| |_\__, | / / / /
 =========|_|==============|___/=/_/_/_/
 :: Spring Boot ::               (v2.7.12)

2025-07-11 16:43:47.376  INFO 27788 --- [           main] c.e.o.OpenmetadataSidecarApplication     : Starting OpenmetadataSidecarApplication v0.0.1-SNAPSHOT using Java 21.0.3 on DESKTOP-856QNHO with PID 27788 (/home/quahfamili/upload/target/openmetadata-sidecar-0.0.1-SNAPSHOT.jar started by quahfamili in /home/quahfamili/upload)
2025-07-11 16:43:47.379  INFO 27788 --- [           main] c.e.o.OpenmetadataSidecarApplication     : No active profile set, falling back to 1 default profile: "default"
2025-07-11 16:43:48.410  INFO 27788 --- [           main] o.s.b.w.embedded.tomcat.TomcatWebServer  : Tomcat initialized with port(s): 8082 (http)
2025-07-11 16:43:48.417  INFO 27788 --- [           main] o.apache.catalina.core.StandardService   : Starting service [Tomcat]
2025-07-11 16:43:48.417  INFO 27788 --- [           main] org.apache.catalina.core.StandardEngine  : Starting Servlet engine: [Apache Tomcat/9.0.75]
2025-07-11 16:43:48.472  INFO 27788 --- [           main] o.a.c.c.C.[Tomcat].[localhost].[/]       : Initializing Spring embedded WebApplicationContext
2025-07-11 16:43:48.472  INFO 27788 --- [           main] w.s.c.ServletWebServerApplicationContext : Root WebApplicationContext: initialization completed in 1024 ms
2025-07-11 16:43:49.014  INFO 27788 --- [           main] o.s.b.a.e.web.EndpointLinksResolver      : Exposing 13 endpoint(s) beneath base path '/actuator'
2025-07-11 16:43:49.049  INFO 27788 --- [           main] o.s.b.w.embedded.tomcat.TomcatWebServer  : Tomcat started on port(s): 8082 (http) with context path ''
2025-07-11 16:43:49.061  INFO 27788 --- [           main] c.e.o.OpenmetadataSidecarApplication     : Started OpenmetadataSidecarApplication in 2.027 seconds (JVM running for 2.457)
2025-07-11 16:43:57.028  INFO 27788 --- [nio-8082-exec-1] o.a.c.c.C.[Tomcat].[localhost].[/]       : Initializing Spring DispatcherServlet 'dispatcherServlet'
2025-07-11 16:43:57.028  INFO 27788 --- [nio-8082-exec-1] o.s.web.servlet.DispatcherServlet        : Initializing Servlet 'dispatcherServlet'
2025-07-11 16:43:57.029  INFO 27788 --- [nio-8082-exec-1] o.s.web.servlet.DispatcherServlet        : Completed initialization in 1 ms
Database Schema: default_service.default_database.default_schema
